Copyright 1986-2022 Xilinx, Inc. All Rights Reserved. Copyright 2022-2023 Advanced Micro Devices, Inc. All Rights Reserved.
---------------------------------------------------------------------------------------------------------------------------------------------
| Tool Version : Vivado v.2023.1 (win64) Build 3865809 Sun May  7 15:05:29 MDT 2023
| Date         : Thu Jan  2 21:34:17 2025
| Host         : vivobook running 64-bit major release  (build 9200)
| Command      : report_control_sets -verbose -file lan_control_sets_placed.rpt
| Design       : lan
| Device       : xc7z020
---------------------------------------------------------------------------------------------------------------------------------------------

Control Set Information

Table of Contents
-----------------
1. Summary
2. Histogram
3. Flip-Flop Distribution
4. Detailed Control Set Information

1. Summary
----------

+----------------------------------------------------------+-------+
|                          Status                          | Count |
+----------------------------------------------------------+-------+
| Total control sets                                       |   105 |
|    Minimum number of control sets                        |   105 |
|    Addition due to synthesis replication                 |     0 |
|    Addition due to physical synthesis replication        |     0 |
| Unused register locations in slices containing registers |   316 |
+----------------------------------------------------------+-------+
* Control sets can be merged at opt_design using control_set_merge or merge_equivalent_drivers
** Run report_qor_suggestions for automated merging and remapping suggestions


2. Histogram
------------

+--------------------+-------+
|       Fanout       | Count |
+--------------------+-------+
| Total control sets |   105 |
| >= 0 to < 4        |     5 |
| >= 4 to < 6        |    11 |
| >= 6 to < 8        |     3 |
| >= 8 to < 10       |    23 |
| >= 10 to < 12      |     2 |
| >= 12 to < 14      |     3 |
| >= 14 to < 16      |     3 |
| >= 16              |    55 |
+--------------------+-------+
* Control sets can be remapped at either synth_design or opt_design


3. Flip-Flop Distribution
-------------------------

+--------------+-----------------------+------------------------+-----------------+--------------+
| Clock Enable | Synchronous Set/Reset | Asynchronous Set/Reset | Total Registers | Total Slices |
+--------------+-----------------------+------------------------+-----------------+--------------+
| No           | No                    | No                     |             225 |           83 |
| No           | No                    | Yes                    |              46 |           23 |
| No           | Yes                   | No                     |             293 |          102 |
| Yes          | No                    | No                     |             729 |          184 |
| Yes          | No                    | Yes                    |              80 |           27 |
| Yes          | Yes                   | No                     |             583 |          181 |
+--------------+-----------------------+------------------------+-----------------+--------------+


4. Detailed Control Set Information
-----------------------------------

+------------------------------------------------+----------------------------------------------------------------------------------------------------------------------------------------------------------------------------------+-------------------------------------------------------------------------------------------------------------------------------------------------------------+------------------+----------------+--------------+
|                  Clock Signal                  |                                                                                   Enable Signal                                                                                  |                                                                       Set/Reset Signal                                                                      | Slice Load Count | Bel Load Count | Bels / Slice |
+------------------------------------------------+----------------------------------------------------------------------------------------------------------------------------------------------------------------------------------+-------------------------------------------------------------------------------------------------------------------------------------------------------------+------------------+----------------+--------------+
|  bd_base_i/processing_system7_0/inst/FCLK_CLK0 | bd_base_i/ps7_0_axi_periph/s00_couplers/auto_pc/inst/gen_axilite.gen_b2s_conv.axilite_b2s/WR.aw_channel_0/aw_cmd_fsm_0/FSM_sequential_state_reg[0]_1                             | bd_base_i/ps7_0_axi_periph/s00_couplers/auto_pc/inst/gen_axilite.gen_b2s_conv.axilite_b2s/WR.aw_channel_0/aw_cmd_fsm_0/FSM_sequential_state_reg[0]_0        |                1 |              1 |         1.00 |
|  bd_base_i/processing_system7_0/inst/FCLK_CLK0 | bd_base_i/ps7_0_axi_periph/s00_couplers/auto_pc/inst/gen_axilite.gen_b2s_conv.axilite_b2s/WR.b_channel_0/bid_fifo_0/sel                                                          |                                                                                                                                                             |                1 |              2 |         2.00 |
|  bd_base_i/processing_system7_0/inst/FCLK_CLK0 |                                                                                                                                                                                  | bd_base_i/axi_fifo_mm_s_0/U0/COMP_IPIC2AXI_S/grxd.COMP_RX_FIFO/gfifo_gen.COMP_AXIS_FG_FIFO/COMP_FIFO/xpm_fifo_base_inst/xpm_fifo_rst_inst/rst_i             |                1 |              3 |         3.00 |
|  bd_base_i/processing_system7_0/inst/FCLK_CLK0 |                                                                                                                                                                                  | bd_base_i/axi_fifo_mm_s_0/U0/COMP_IPIC2AXI_S/gtxd.COMP_TXD_FIFO/gfifo_gen.COMP_AXIS_FG_FIFO/COMP_FIFO/xpm_fifo_base_inst/xpm_fifo_rst_inst/rst_i            |                1 |              3 |         3.00 |
|  bd_base_i/processing_system7_0/inst/FCLK_CLK0 |                                                                                                                                                                                  | bd_base_i/axi_fifo_mm_s_0/U0/COMP_IPIC2AXI_S/grxd.COMP_rx_len_fifo/xpm_fifo_base_inst/xpm_fifo_rst_inst/rst_i                                               |                2 |              3 |         1.50 |
|  bd_base_i/processing_system7_0/inst/FCLK_CLK0 |                                                                                                                                                                                  | bd_base_i/ps7_0_axi_periph/s00_couplers/auto_pc/inst/gen_axilite.gen_b2s_conv.axilite_b2s/SI_REG/ar.ar_pipe/aresetn_d_reg[1]_inv_0                          |                2 |              4 |         2.00 |
|  bd_base_i/processing_system7_0/inst/FCLK_CLK0 | i_axis_width_converter_rx/fifo_inst/output_fifo.out_fifo_tdata_reg_0_7_0_5_i_1_n_0                                                                                               | i_eth_frm_tx/i_eth_crc32/mmcme2_base_inst1                                                                                                                  |                1 |              4 |         4.00 |
|  clk_012_BUFG                                  | i_axis_async_fifo_adapter_tx/fifo_inst/output_fifo.m_axis_tvalid_reg0                                                                                                            | i_eth_frm_tx/i_eth_crc32/mmcme2_base_inst1                                                                                                                  |                1 |              4 |         4.00 |
|  bd_base_i/processing_system7_0/inst/FCLK_CLK0 |                                                                                                                                                                                  | bd_base_i/ps7_0_axi_periph/s00_couplers/auto_pc/inst/gen_axilite.gen_b2s_conv.axilite_b2s/SI_REG/aw.aw_pipe/aresetn_d_reg[0]_0                              |                2 |              4 |         2.00 |
|  bd_base_i/processing_system7_0/inst/FCLK_CLK0 | i_axis_width_converter_rx/fifo_inst/output_fifo.m_axis_tdata_reg[31]_i_1_n_0                                                                                                     | i_eth_frm_tx/i_eth_crc32/mmcme2_base_inst1                                                                                                                  |                2 |              4 |         2.00 |
|  bd_base_i/processing_system7_0/inst/FCLK_CLK0 | bd_base_i/ps7_0_axi_periph/s00_couplers/auto_pc/inst/gen_axilite.gen_b2s_conv.axilite_b2s/RD.ar_channel_0/ar_cmd_fsm_0/m_axi_arready_2                                           | bd_base_i/ps7_0_axi_periph/s00_couplers/auto_pc/inst/gen_axilite.gen_b2s_conv.axilite_b2s/RD.ar_channel_0/ar_cmd_fsm_0/FSM_sequential_state_reg[1]_0        |                2 |              4 |         2.00 |
|  clk_012_BUFG                                  | i_axis_async_fifo_adapter_tx/fifo_inst/output_fifo.out_fifo_tdata_reg_0_7_0_5_i_1_n_0                                                                                            | i_eth_frm_tx/i_eth_crc32/mmcme2_base_inst1                                                                                                                  |                1 |              4 |         4.00 |
|  bd_base_i/processing_system7_0/inst/FCLK_CLK0 |                                                                                                                                                                                  | bd_base_i/axi_fifo_mm_s_0/U0/COMP_IPIC2AXI_S/grxd.COMP_rx_len_fifo/xpm_fifo_base_inst/xpm_fifo_rst_inst/Q[0]                                                |                2 |              5 |         2.50 |
|  bd_base_i/processing_system7_0/inst/FCLK_CLK0 |                                                                                                                                                                                  | bd_base_i/rst_ps7_0_50M/U0/EXT_LPF/lpf_int                                                                                                                  |                2 |              5 |         2.50 |
|  bd_base_i/processing_system7_0/inst/FCLK_CLK0 | bd_base_i/ps7_0_axi_periph/s00_couplers/auto_pc/inst/gen_axilite.gen_b2s_conv.axilite_b2s/RD.r_channel_0/transaction_fifo_0/cnt_read[4]_i_1_n_0                                  | bd_base_i/ps7_0_axi_periph/s00_couplers/auto_pc/inst/gen_axilite.gen_b2s_conv.axilite_b2s/areset_d1                                                         |                2 |              5 |         2.50 |
|  bd_base_i/processing_system7_0/inst/FCLK_CLK0 | bd_base_i/ps7_0_axi_periph/s00_couplers/auto_pc/inst/gen_axilite.gen_b2s_conv.axilite_b2s/RD.r_channel_0/rd_data_fifo_0/cnt_read[4]_i_1__0_n_0                                   | bd_base_i/ps7_0_axi_periph/s00_couplers/auto_pc/inst/gen_axilite.gen_b2s_conv.axilite_b2s/areset_d1                                                         |                1 |              5 |         5.00 |
|  bd_base_i/processing_system7_0/inst/FCLK_CLK0 | bd_base_i/axi_fifo_mm_s_0/U0/COMP_IPIF/I_SLAVE_ATTACHMENT/bus2ip_addr_i[6]_i_1_n_0                                                                                               | bd_base_i/axi_fifo_mm_s_0/U0/COMP_IPIF/I_SLAVE_ATTACHMENT/rst                                                                                               |                1 |              6 |         6.00 |
|  bd_base_i/processing_system7_0/inst/FCLK_CLK0 | bd_base_i/rst_ps7_0_50M/U0/SEQ/seq_cnt_en                                                                                                                                        | bd_base_i/rst_ps7_0_50M/U0/SEQ/SEQ_COUNTER/clear                                                                                                            |                1 |              6 |         6.00 |
|  clk_012_BUFG                                  |                                                                                                                                                                                  |                                                                                                                                                             |                3 |              7 |         2.33 |
|  rgmii_rxc_IBUF_BUFG                           | i_axis_width_converter_rx/upsize_pre.adapter_inst/upsize.m_axis_tdata_reg[23]_i_1_n_0                                                                                            |                                                                                                                                                             |                1 |              8 |         8.00 |
|  rgmii_rxc_IBUF_BUFG                           |                                                                                                                                                                                  | i_eth_frm_rx/eof_i_2_n_0                                                                                                                                    |                6 |              8 |         1.33 |
|  rgmii_rxc_IBUF_BUFG                           | i_axis_width_converter_rx/upsize_pre.adapter_inst/upsize.m_axis_tdata_reg[7]_i_1_n_0                                                                                             |                                                                                                                                                             |                1 |              8 |         8.00 |
|  rgmii_rxc_IBUF_BUFG                           | i_axis_width_converter_rx/upsize_pre.adapter_inst/upsize.m_axis_tdata_reg[15]_i_1_n_0                                                                                            |                                                                                                                                                             |                1 |              8 |         8.00 |
|  bd_base_i/processing_system7_0/inst/FCLK_CLK0 |                                                                                                                                                                                  | bd_base_i/axi_fifo_mm_s_0/U0/COMP_IPIF/I_SLAVE_ATTACHMENT/rst                                                                                               |                4 |              8 |         2.00 |
|  clk_012_BUFG                                  | i_eth_frm_tx/E[0]                                                                                                                                                                |                                                                                                                                                             |                2 |              8 |         4.00 |
|  rgmii_rxc_IBUF_BUFG                           | i_axis_width_converter_rx/upsize_pre.adapter_inst/upsize.m_axis_tdata_reg[31]_i_1_n_0                                                                                            |                                                                                                                                                             |                1 |              8 |         8.00 |
|  bd_base_i/processing_system7_0/inst/FCLK_CLK0 | bd_base_i/ps7_0_axi_periph/s00_couplers/auto_pc/inst/gen_axilite.gen_b2s_conv.axilite_b2s/WR.aw_channel_0/aw_cmd_fsm_0/m_valid_i_reg[0]                                          |                                                                                                                                                             |                4 |              8 |         2.00 |
|  bd_base_i/processing_system7_0/inst/FCLK_CLK0 | bd_base_i/ps7_0_axi_periph/s00_couplers/auto_pc/inst/gen_axilite.gen_b2s_conv.axilite_b2s/WR.b_channel_0/mhandshake_r                                                            | bd_base_i/ps7_0_axi_periph/s00_couplers/auto_pc/inst/gen_axilite.gen_b2s_conv.axilite_b2s/WR.b_channel_0/bid_fifo_0/SR[0]                                   |                4 |              8 |         2.00 |
|  bd_base_i/processing_system7_0/inst/FCLK_CLK0 | bd_base_i/ps7_0_axi_periph/s00_couplers/auto_pc/inst/gen_axilite.gen_b2s_conv.axilite_b2s/WR.aw_channel_0/cmd_translator_0/incr_cmd_0/axaddr_incr[11]_i_1_n_0                    |                                                                                                                                                             |                2 |              8 |         4.00 |
|  bd_base_i/processing_system7_0/inst/FCLK_CLK0 | bd_base_i/ps7_0_axi_periph/s00_couplers/auto_pc/inst/gen_axilite.gen_b2s_conv.axilite_b2s/RD.ar_channel_0/ar_cmd_fsm_0/sel_first_reg[0]                                          |                                                                                                                                                             |                1 |              8 |         8.00 |
|  bd_base_i/processing_system7_0/inst/FCLK_CLK0 | bd_base_i/ps7_0_axi_periph/s00_couplers/auto_pc/inst/gen_axilite.gen_b2s_conv.axilite_b2s/RD.ar_channel_0/ar_cmd_fsm_0/E[0]                                                      |                                                                                                                                                             |                3 |              8 |         2.67 |
|  bd_base_i/processing_system7_0/inst/FCLK_CLK0 |                                                                                                                                                                                  | bd_base_i/axi_apb_bridge_0/U0/AXILITE_SLAVE_IF_MODULE/SR[0]                                                                                                 |                4 |              9 |         2.25 |
|  rgmii_rxc_IBUF_BUFG                           | i_axis_width_converter_rx/fifo_inst/wr_ptr_sync_commit_reg[8]_i_1_n_0                                                                                                            | i_axis_width_converter_rx/fifo_inst/wr_ptr_commit_reg                                                                                                       |                2 |              9 |         4.50 |
|  rgmii_rxc_IBUF_BUFG                           | i_axis_width_converter_rx/fifo_inst/wr_ptr_commit_reg[8]_i_2_n_0                                                                                                                 | i_axis_width_converter_rx/fifo_inst/wr_ptr_commit_reg                                                                                                       |                4 |              9 |         2.25 |
|  bd_base_i/processing_system7_0/inst/FCLK_CLK0 | i_axis_async_fifo_adapter_tx/fifo_inst/wr_ptr_commit_reg[8]_i_2_n_0                                                                                                              | i_axis_async_fifo_adapter_tx/fifo_inst/wr_ptr_commit_reg                                                                                                    |                4 |              9 |         2.25 |
|  bd_base_i/processing_system7_0/inst/FCLK_CLK0 | i_axis_async_fifo_adapter_tx/fifo_inst/wr_ptr_sync_commit_reg[8]_i_1_n_0                                                                                                         | i_axis_async_fifo_adapter_tx/fifo_inst/wr_ptr_commit_reg                                                                                                    |                4 |              9 |         2.25 |
|  rgmii_rxc_IBUF_BUFG                           | i_eth_frm_rx/dataen                                                                                                                                                              | i_eth_frm_rx/eof_i_2_n_0                                                                                                                                    |                2 |              9 |         4.50 |
|  clk_012_BUFG                                  | i_axis_async_fifo_adapter_tx/fifo_inst/wr_ptr_commit_sync_reg0                                                                                                                   | i_eth_frm_tx/i_eth_crc32/mmcme2_base_inst1                                                                                                                  |                2 |              9 |         4.50 |
|  bd_base_i/processing_system7_0/inst/FCLK_CLK0 | i_axis_width_converter_rx/fifo_inst/wr_ptr_commit_sync_reg0                                                                                                                      | i_eth_frm_tx/i_eth_crc32/mmcme2_base_inst1                                                                                                                  |                2 |              9 |         4.50 |
|  clk_012_BUFG                                  | i_eth_frm_tx/txdata[7]_i_1_n_0                                                                                                                                                   | i_eth_frm_tx/i_eth_crc32/mmcme2_base_inst1                                                                                                                  |                4 |              9 |         2.25 |
|  clk_012_BUFG                                  | i_axis_async_fifo_adapter_tx/downsize_post.adapter_inst/downsize.s_axis_tkeep_reg                                                                                                | i_axis_async_fifo_adapter_tx/downsize_post.adapter_inst/downsize.s_axis_tkeep_reg[3]_i_1_n_0                                                                |                2 |              9 |         4.50 |
|  rgmii_rxc_IBUF_BUFG                           | i_axis_width_converter_rx/fifo_inst/E[0]                                                                                                                                         |                                                                                                                                                             |                2 |              9 |         4.50 |
|  bd_base_i/processing_system7_0/inst/FCLK_CLK0 |                                                                                                                                                                                  | bd_base_i/ps7_0_axi_periph/s00_couplers/auto_pc/inst/gen_axilite.gen_b2s_conv.axilite_b2s/areset_d1                                                         |                3 |             10 |         3.33 |
|  bd_base_i/processing_system7_0/inst/FCLK_CLK0 |                                                                                                                                                                                  | bd_base_i/ps7_0_axi_periph/xbar/inst/gen_sasd.crossbar_sasd_0/addr_arbiter_inst/SR[0]                                                                       |                4 |             11 |         2.75 |
|  bd_base_i/processing_system7_0/inst/FCLK_CLK0 |                                                                                                                                                                                  | bd_base_i/axi_fifo_mm_s_0/U0/COMP_IPIC2AXI_S/gtxd.COMP_TXD_FIFO/sig_txd_reset2_out                                                                          |                4 |             12 |         3.00 |
|  rgmii_rxc_IBUF_BUFG                           |                                                                                                                                                                                  |                                                                                                                                                             |                7 |             13 |         1.86 |
|  bd_base_i/processing_system7_0/inst/FCLK_CLK0 | bd_base_i/ps7_0_axi_periph/s00_couplers/auto_pc/inst/gen_axilite.gen_b2s_conv.axilite_b2s/RD.r_channel_0/r_push_r                                                                |                                                                                                                                                             |                4 |             13 |         3.25 |
|  bd_base_i/processing_system7_0/inst/FCLK_CLK0 | bd_base_i/ps7_0_axi_periph/s00_couplers/auto_pc/inst/gen_axilite.gen_b2s_conv.axilite_b2s/SI_REG/b.b_pipe/s_ready_i_reg_0                                                        |                                                                                                                                                             |                2 |             14 |         7.00 |
|  bd_base_i/processing_system7_0/inst/FCLK_CLK0 | bd_base_i/ps7_0_axi_periph/s00_couplers/auto_pc/inst/gen_axilite.gen_b2s_conv.axilite_b2s/SI_REG/b.b_pipe/p_1_in                                                                 |                                                                                                                                                             |                2 |             14 |         7.00 |
|  clk_012_BUFG                                  | i_pwm/sel                                                                                                                                                                        | i_eth_frm_tx/i_eth_crc32/mmcme2_base_inst1                                                                                                                  |                4 |             14 |         3.50 |
|  clk_012_BUFG                                  | i_eth_frm_tx/cnt_bytes[15]_i_1_n_0                                                                                                                                               | i_eth_frm_tx/i_eth_crc32/mmcme2_base_inst1                                                                                                                  |                4 |             16 |         4.00 |
|  bd_base_i/processing_system7_0/inst/FCLK_CLK0 | bd_base_i/ps7_0_axi_periph/s00_couplers/auto_pc/inst/gen_axilite.gen_b2s_conv.axilite_b2s/WR.aw_channel_0/aw_cmd_fsm_0/m_axi_awready_0                                           |                                                                                                                                                             |                3 |             16 |         5.33 |
|  bd_base_i/processing_system7_0/inst/FCLK_CLK0 | bd_base_i/axi_fifo_mm_s_0/U0/COMP_IPIF/I_SLAVE_ATTACHMENT/I_DECODER/E[0]                                                                                                         | bd_base_i/axi_fifo_mm_s_0/U0/COMP_IPIC2AXI_S/sig_Bus2IP_Reset                                                                                               |                6 |             17 |         2.83 |
|  bd_base_i/processing_system7_0/inst/FCLK_CLK0 | bd_base_i/ps7_0_axi_periph/s00_couplers/auto_pc/inst/gen_axilite.gen_b2s_conv.axilite_b2s/RD.ar_channel_0/ar_cmd_fsm_0/m_axi_arready_2                                           |                                                                                                                                                             |                7 |             17 |         2.43 |
|  clk_012_BUFG                                  | i_axis_async_fifo_adapter_tx/fifo_inst/m_axis_tvalid_pipe_reg0                                                                                                                   | i_axis_async_fifo_adapter_tx/fifo_inst/rd_ptr_gray_reg_1                                                                                                    |                3 |             17 |         5.67 |
|  rgmii_rxc_IBUF_BUFG                           | i_axis_width_converter_rx/fifo_inst/wr_ptr_reg                                                                                                                                   | i_axis_width_converter_rx/fifo_inst/wr_ptr_commit_reg                                                                                                       |                5 |             17 |         3.40 |
|  bd_base_i/processing_system7_0/inst/FCLK_CLK0 | i_axis_async_fifo_adapter_tx/fifo_inst/wr_ptr_reg                                                                                                                                | i_axis_async_fifo_adapter_tx/fifo_inst/wr_ptr_commit_reg                                                                                                    |                4 |             17 |         4.25 |
|  bd_base_i/processing_system7_0/inst/FCLK_CLK0 | i_axis_width_converter_rx/fifo_inst/m_axis_tvalid_pipe_reg0                                                                                                                      | i_axis_width_converter_rx/fifo_inst/rd_ptr_gray_reg_1                                                                                                       |                4 |             17 |         4.25 |
|  bd_base_i/processing_system7_0/inst/FCLK_CLK0 | bd_base_i/axi_fifo_mm_s_0/U0/COMP_IPIC2AXI_S/grxd.COMP_rx_len_fifo/xpm_fifo_base_inst/rst_d1_inst/E[0]                                                                           | bd_base_i/axi_fifo_mm_s_0/U0/COMP_IPIC2AXI_S/grxd.COMP_rx_len_fifo/xpm_fifo_base_inst/xpm_fifo_rst_inst/Q[0]                                                |                5 |             18 |         3.60 |
|  bd_base_i/processing_system7_0/inst/FCLK_CLK0 | bd_base_i/axi_fifo_mm_s_0/U0/COMP_IPIC2AXI_S/grxd.COMP_rx_len_fifo/xpm_fifo_base_inst/rdpp1_inst/E[0]                                                                            | bd_base_i/axi_fifo_mm_s_0/U0/COMP_IPIC2AXI_S/grxd.COMP_rx_len_fifo/xpm_fifo_base_inst/xpm_fifo_rst_inst/Q[0]                                                |                5 |             18 |         3.60 |
|  bd_base_i/processing_system7_0/inst/FCLK_CLK0 | bd_base_i/ps7_0_axi_periph/s00_couplers/auto_pc/inst/gen_axilite.gen_b2s_conv.axilite_b2s/WR.aw_channel_0/aw_cmd_fsm_0/FSM_sequential_state_reg[0]_1                             |                                                                                                                                                             |                8 |             20 |         2.50 |
|  bd_base_i/processing_system7_0/inst/FCLK_CLK0 | bd_base_i/axi_fifo_mm_s_0/U0/COMP_IPIF/I_SLAVE_ATTACHMENT/start2                                                                                                                 | bd_base_i/axi_fifo_mm_s_0/U0/COMP_IPIC2AXI_S/cs_ce_clr                                                                                                      |                7 |             21 |         3.00 |
|  bd_base_i/processing_system7_0/inst/FCLK_CLK0 | bd_base_i/axi_fifo_mm_s_0/U0/COMP_IPIC2AXI_S/grxd.COMP_RX_FIFO/gfifo_gen.COMP_AXIS_FG_FIFO/E[0]                                                                                  | bd_base_i/axi_fifo_mm_s_0/U0/COMP_IPIC2AXI_S/grxd.COMP_RX_FIFO/gfifo_gen.COMP_AXIS_FG_FIFO/SR[0]                                                            |                5 |             21 |         4.20 |
|  bd_base_i/processing_system7_0/inst/FCLK_CLK0 | bd_base_i/ps7_0_axi_periph/xbar/inst/gen_sasd.crossbar_sasd_0/addr_arbiter_inst/p_0_in1_in                                                                                       | bd_base_i/ps7_0_axi_periph/xbar/inst/gen_sasd.crossbar_sasd_0/addr_arbiter_inst/SR[0]                                                                       |                7 |             21 |         3.00 |
|  bd_base_i/processing_system7_0/inst/FCLK_CLK0 | bd_base_i/axi_fifo_mm_s_0/U0/COMP_IPIC2AXI_S/grxd.COMP_rx_len_fifo/xpm_fifo_base_inst/gen_fwft.ram_regout_en                                                                     | bd_base_i/axi_fifo_mm_s_0/U0/COMP_IPIC2AXI_S/grxd.COMP_rx_len_fifo/xpm_fifo_base_inst/xpm_fifo_rst_inst/Q[0]                                                |               17 |             22 |         1.29 |
|  bd_base_i/processing_system7_0/inst/FCLK_CLK0 | bd_base_i/axi_fifo_mm_s_0/U0/COMP_IPIC2AXI_S/gtxd.COMP_TXD_FIFO/gfifo_gen.COMP_AXIS_FG_FIFO/COMP_FIFO/xpm_fifo_base_inst/rdp_inst/FSM_sequential_gen_fwft.curr_fwft_state_reg[1] | bd_base_i/axi_fifo_mm_s_0/U0/COMP_IPIC2AXI_S/gtxd.COMP_TXD_FIFO/gfifo_gen.COMP_AXIS_FG_FIFO/COMP_FIFO/xpm_fifo_base_inst/xpm_fifo_rst_inst/Q[0]             |                6 |             23 |         3.83 |
|  bd_base_i/processing_system7_0/inst/FCLK_CLK0 | bd_base_i/axi_fifo_mm_s_0/U0/COMP_IPIC2AXI_S/grxd.COMP_RX_FIFO/gfifo_gen.COMP_AXIS_FG_FIFO/COMP_FIFO/xpm_fifo_base_inst/xpm_fifo_rst_inst/ram_wr_en_pf                           | bd_base_i/axi_fifo_mm_s_0/U0/COMP_IPIC2AXI_S/grxd.COMP_RX_FIFO/gfifo_gen.COMP_AXIS_FG_FIFO/COMP_FIFO/xpm_fifo_base_inst/xpm_fifo_rst_inst/Q[0]              |                6 |             23 |         3.83 |
|  bd_base_i/processing_system7_0/inst/FCLK_CLK0 | bd_base_i/axi_fifo_mm_s_0/U0/COMP_IPIC2AXI_S/grxd.COMP_RX_FIFO/gfifo_gen.COMP_AXIS_FG_FIFO/COMP_FIFO/xpm_fifo_base_inst/rdp_inst/FSM_sequential_gen_fwft.curr_fwft_state_reg[1]  | bd_base_i/axi_fifo_mm_s_0/U0/COMP_IPIC2AXI_S/grxd.COMP_RX_FIFO/gfifo_gen.COMP_AXIS_FG_FIFO/COMP_FIFO/xpm_fifo_base_inst/xpm_fifo_rst_inst/Q[0]              |                6 |             23 |         3.83 |
|  clk_012_BUFG                                  | i_axis_async_fifo_adapter_tx/downsize_post.adapter_inst/downsize.s_axis_tkeep_reg                                                                                                |                                                                                                                                                             |                7 |             26 |         3.71 |
|  bd_base_i/processing_system7_0/inst/FCLK_CLK0 |                                                                                                                                                                                  | bd_base_i/axi_fifo_mm_s_0/U0/COMP_IPIC2AXI_S/sig_Bus2IP_Reset                                                                                               |               10 |             27 |         2.70 |
|  clk_012_BUFG                                  |                                                                                                                                                                                  | i_eth_frm_tx/i_eth_crc32/mmcme2_base_inst1                                                                                                                  |               12 |             29 |         2.42 |
|  bd_base_i/processing_system7_0/inst/FCLK_CLK0 | bd_base_i/axi_fifo_mm_s_0/U0/COMP_IPIC2AXI_S/grxd.COMP_rx_len_fifo/xpm_fifo_base_inst/gen_sdpram.xpm_memory_base_inst/gen_wr_a.gen_word_narrow.mem_reg_384_447_0_2_i_1_n_0       |                                                                                                                                                             |                8 |             30 |         3.75 |
|  bd_base_i/processing_system7_0/inst/FCLK_CLK0 | bd_base_i/axi_fifo_mm_s_0/U0/COMP_IPIC2AXI_S/grxd.COMP_rx_len_fifo/xpm_fifo_base_inst/gen_sdpram.xpm_memory_base_inst/gen_wr_a.gen_word_narrow.mem_reg_320_383_0_2_i_1_n_0       |                                                                                                                                                             |                8 |             30 |         3.75 |
|  bd_base_i/processing_system7_0/inst/FCLK_CLK0 | bd_base_i/axi_fifo_mm_s_0/U0/COMP_IPIC2AXI_S/grxd.COMP_rx_len_fifo/xpm_fifo_base_inst/gen_sdpram.xpm_memory_base_inst/gen_wr_a.gen_word_narrow.mem_reg_192_255_0_2_i_1_n_0       |                                                                                                                                                             |                8 |             30 |         3.75 |
|  bd_base_i/processing_system7_0/inst/FCLK_CLK0 | bd_base_i/axi_fifo_mm_s_0/U0/COMP_IPIC2AXI_S/grxd.COMP_rx_len_fifo/xpm_fifo_base_inst/gen_sdpram.xpm_memory_base_inst/gen_wr_a.gen_word_narrow.mem_reg_448_511_0_2_i_1_n_0       |                                                                                                                                                             |                8 |             30 |         3.75 |
|  bd_base_i/processing_system7_0/inst/FCLK_CLK0 | bd_base_i/axi_fifo_mm_s_0/U0/COMP_IPIC2AXI_S/grxd.COMP_rx_len_fifo/xpm_fifo_base_inst/gen_sdpram.xpm_memory_base_inst/gen_wr_a.gen_word_narrow.mem_reg_128_191_0_2_i_1_n_0       |                                                                                                                                                             |                8 |             30 |         3.75 |
|  bd_base_i/processing_system7_0/inst/FCLK_CLK0 | bd_base_i/axi_fifo_mm_s_0/U0/COMP_IPIC2AXI_S/grxd.COMP_rx_len_fifo/xpm_fifo_base_inst/gen_sdpram.xpm_memory_base_inst/gen_wr_a.gen_word_narrow.mem_reg_0_63_0_2_i_1_n_0          |                                                                                                                                                             |                8 |             30 |         3.75 |
|  bd_base_i/processing_system7_0/inst/FCLK_CLK0 | bd_base_i/axi_fifo_mm_s_0/U0/COMP_IPIC2AXI_S/grxd.COMP_rx_len_fifo/xpm_fifo_base_inst/gen_sdpram.xpm_memory_base_inst/gen_wr_a.gen_word_narrow.mem_reg_256_319_0_2_i_1_n_0       |                                                                                                                                                             |                8 |             30 |         3.75 |
|  bd_base_i/processing_system7_0/inst/FCLK_CLK0 |                                                                                                                                                                                  | i_eth_frm_tx/i_eth_crc32/mmcme2_base_inst1                                                                                                                  |                9 |             30 |         3.33 |
|  bd_base_i/processing_system7_0/inst/FCLK_CLK0 | bd_base_i/axi_fifo_mm_s_0/U0/COMP_IPIC2AXI_S/grxd.COMP_rx_len_fifo/xpm_fifo_base_inst/gen_sdpram.xpm_memory_base_inst/gen_wr_a.gen_word_narrow.mem_reg_64_127_0_2_i_1_n_0        |                                                                                                                                                             |                8 |             30 |         3.75 |
|  bd_base_i/processing_system7_0/inst/FCLK_CLK0 | bd_base_i/axi_fifo_mm_s_0/U0/COMP_IPIC2AXI_S/txd_wr_en                                                                                                                           | bd_base_i/axi_fifo_mm_s_0/U0/COMP_IPIC2AXI_S/gtxd.sig_txd_packet_size[0]_i_1_n_0                                                                            |                8 |             31 |         3.88 |
|  bd_base_i/processing_system7_0/inst/FCLK_CLK0 | bd_base_i/axi_fifo_mm_s_0/U0/COMP_IPIF/I_SLAVE_ATTACHMENT/I_DECODER/Bus_RNW_reg_reg_1[0]                                                                                         | bd_base_i/axi_fifo_mm_s_0/U0/COMP_IPIC2AXI_S/sig_Bus2IP_Reset                                                                                               |               10 |             32 |         3.20 |
|  clk_012_BUFG                                  | i_eth_frm_tx/i_eth_crc32/crc[31]_i_1_n_0                                                                                                                                         | i_eth_frm_tx/i_eth_crc32/mmcme2_base_inst1                                                                                                                  |               13 |             32 |         2.46 |
|  bd_base_i/processing_system7_0/inst/FCLK_CLK0 | bd_base_i/axi_fifo_mm_s_0/U0/COMP_IPIC2AXI_S/txd_wr_en                                                                                                                           | bd_base_i/axi_fifo_mm_s_0/U0/COMP_IPIC2AXI_S/gtxd.COMP_TXD_FIFO/sig_txd_reset2_out                                                                          |               11 |             32 |         2.91 |
|  bd_base_i/processing_system7_0/inst/FCLK_CLK0 | bd_base_i/axi_fifo_mm_s_0/U0/COMP_IPIC2AXI_S/gtxd.COMP_TXD_FIFO/gfifo_gen.COMP_AXIS_FG_FIFO/COMP_FIFO/gaxis_pkt_fifo_cc.axis_pkt_cnt[0]_i_1_n_0                                  | bd_base_i/axi_fifo_mm_s_0/U0/COMP_IPIC2AXI_S/gtxd.COMP_TXD_FIFO/gfifo_gen.COMP_AXIS_FG_FIFO/COMP_FIFO/gaxis_rst_sync.xpm_cdc_sync_rst_inst/syncstages_ff[3] |                8 |             32 |         4.00 |
|  bd_base_i/processing_system7_0/inst/FCLK_CLK0 | bd_base_i/axi_fifo_mm_s_0/U0/COMP_IPIF/I_SLAVE_ATTACHMENT/s_axi_rresp_i                                                                                                          | bd_base_i/axi_fifo_mm_s_0/U0/COMP_IPIF/I_SLAVE_ATTACHMENT/rst                                                                                               |               12 |             33 |         2.75 |
|  bd_base_i/processing_system7_0/inst/FCLK_CLK0 | bd_base_i/ps7_0_axi_periph/s00_couplers/auto_pc/inst/gen_axilite.gen_b2s_conv.axilite_b2s/RD.r_channel_0/rd_data_fifo_0/wr_en0                                                   |                                                                                                                                                             |                9 |             34 |         3.78 |
|  bd_base_i/processing_system7_0/inst/FCLK_CLK0 | bd_base_i/axi_fifo_mm_s_0/U0/COMP_IPIC2AXI_S/gtxd.COMP_TXD_FIFO/gfifo_gen.COMP_AXIS_FG_FIFO/COMP_FIFO/xpm_fifo_base_inst/xpm_fifo_rst_inst/ram_wr_en_pf                          | bd_base_i/axi_fifo_mm_s_0/U0/COMP_IPIC2AXI_S/gtxd.COMP_TXD_FIFO/gfifo_gen.COMP_AXIS_FG_FIFO/COMP_FIFO/xpm_fifo_base_inst/xpm_fifo_rst_inst/Q[0]             |                9 |             34 |         3.78 |
|  bd_base_i/processing_system7_0/inst/FCLK_CLK0 | bd_base_i/ps7_0_axi_periph/xbar/inst/gen_sasd.crossbar_sasd_0/addr_arbiter_inst/E[0]                                                                                             |                                                                                                                                                             |               11 |             35 |         3.18 |
|  bd_base_i/processing_system7_0/inst/FCLK_CLK0 |                                                                                                                                                                                  | bd_base_i/axi_fifo_mm_s_0/U0/COMP_IPIF/I_SLAVE_ATTACHMENT/I_DECODER/SR[0]                                                                                   |               16 |             36 |         2.25 |
|  clk_012_BUFG                                  | i_axis_async_fifo_adapter_tx/fifo_inst/output_fifo.m_axis_tvalid_reg0                                                                                                            |                                                                                                                                                             |                7 |             36 |         5.14 |
|  bd_base_i/processing_system7_0/inst/FCLK_CLK0 | i_axis_width_converter_rx/fifo_inst/output_fifo.m_axis_tdata_reg[31]_i_1_n_0                                                                                                     |                                                                                                                                                             |                7 |             37 |         5.29 |
|  rgmii_rxc_IBUF_BUFG                           |                                                                                                                                                                                  | i_eth_frm_tx/i_eth_crc32/mmcme2_base_inst1                                                                                                                  |               14 |             39 |         2.79 |
|  bd_base_i/processing_system7_0/inst/FCLK_CLK0 | bd_base_i/ps7_0_axi_periph/s00_couplers/auto_pc/inst/gen_axilite.gen_b2s_conv.axilite_b2s/WR.aw_channel_0/aw_cmd_fsm_0/E[0]                                                      |                                                                                                                                                             |                7 |             44 |         6.29 |
|  bd_base_i/processing_system7_0/inst/FCLK_CLK0 | bd_base_i/ps7_0_axi_periph/s00_couplers/auto_pc/inst/gen_axilite.gen_b2s_conv.axilite_b2s/SI_REG/aw.aw_pipe/s_ready_i_reg_0                                                      |                                                                                                                                                             |                7 |             44 |         6.29 |
|  bd_base_i/processing_system7_0/inst/FCLK_CLK0 | bd_base_i/ps7_0_axi_periph/s00_couplers/auto_pc/inst/gen_axilite.gen_b2s_conv.axilite_b2s/SI_REG/ar.ar_pipe/s_ready_i_reg_0                                                      |                                                                                                                                                             |                8 |             44 |         5.50 |
|  bd_base_i/processing_system7_0/inst/FCLK_CLK0 | bd_base_i/ps7_0_axi_periph/s00_couplers/auto_pc/inst/gen_axilite.gen_b2s_conv.axilite_b2s/RD.ar_channel_0/ar_cmd_fsm_0/m_valid_i_reg[0]                                          |                                                                                                                                                             |                8 |             44 |         5.50 |
|  bd_base_i/processing_system7_0/inst/FCLK_CLK0 |                                                                                                                                                                                  | bd_base_i/axi_fifo_mm_s_0/U0/COMP_IPIC2AXI_S/grxd.COMP_RX_FIFO/gfifo_gen.COMP_AXIS_FG_FIFO/COMP_FIFO/xpm_fifo_base_inst/xpm_fifo_rst_inst/Q[0]              |               13 |             46 |         3.54 |
|  bd_base_i/processing_system7_0/inst/FCLK_CLK0 | bd_base_i/ps7_0_axi_periph/s00_couplers/auto_pc/inst/gen_axilite.gen_b2s_conv.axilite_b2s/SI_REG/r.r_pipe/s_ready_i_reg_0                                                        |                                                                                                                                                             |               11 |             47 |         4.27 |
|  bd_base_i/processing_system7_0/inst/FCLK_CLK0 | bd_base_i/ps7_0_axi_periph/s00_couplers/auto_pc/inst/gen_axilite.gen_b2s_conv.axilite_b2s/SI_REG/r.r_pipe/p_1_in                                                                 |                                                                                                                                                             |                7 |             47 |         6.71 |
|  bd_base_i/processing_system7_0/inst/FCLK_CLK0 |                                                                                                                                                                                  | bd_base_i/axi_fifo_mm_s_0/U0/COMP_IPIC2AXI_S/gtxd.COMP_TXD_FIFO/gfifo_gen.COMP_AXIS_FG_FIFO/COMP_FIFO/xpm_fifo_base_inst/xpm_fifo_rst_inst/Q[0]             |               14 |             47 |         3.36 |
|  bd_base_i/processing_system7_0/inst/FCLK_CLK0 | i_axis_width_converter_rx/fifo_inst/output_fifo.out_fifo_tdata_reg_0_7_0_5_i_1_n_0                                                                                               |                                                                                                                                                             |                7 |             50 |         7.14 |
|  clk_012_BUFG                                  | i_axis_async_fifo_adapter_tx/fifo_inst/output_fifo.out_fifo_tdata_reg_0_7_0_5_i_1_n_0                                                                                            |                                                                                                                                                             |                7 |             50 |         7.14 |
|  bd_base_i/processing_system7_0/inst/FCLK_CLK0 | bd_base_i/axi_fifo_mm_s_0/U0/COMP_IPIC2AXI_S/grxd.COMP_rx_len_fifo/xpm_fifo_base_inst/rdpp1_inst/E[0]                                                                            |                                                                                                                                                             |               67 |            179 |         2.67 |
|  bd_base_i/processing_system7_0/inst/FCLK_CLK0 |                                                                                                                                                                                  |                                                                                                                                                             |               74 |            206 |         2.78 |
+------------------------------------------------+----------------------------------------------------------------------------------------------------------------------------------------------------------------------------------+-------------------------------------------------------------------------------------------------------------------------------------------------------------+------------------+----------------+--------------+


